it 0  err 13.34  runs [6, 76, 85, 116, 99, 47, 32, 16]  prof ['82', '78', '65', '44', '32', '8', '4', '0']  mins 1001  walls []
it 1  err  9.23  runs [7, 38, 48, 67, 54, 44, 41, 24]  prof ['98', '78', '78', '64', '39', '17', '9', '0']  mins  746  walls []
it 2  err  6.42  runs [7, 26, 34, 47, 52, 57, 50, 27]  prof ['89', '80', '79', '85', '58', '33', '17', '0']  mins  745  walls []
it 3  err  4.93  runs [7, 25, 32, 42, 56, 61, 79, 28]  prof ['67', '79', '78', '87', '79', '42', '35', '0']  mins  860  walls []
it 4  err  4.43  runs [8, 28, 36, 48, 66, 92, 98, 48]  prof ['86', '81', '75', '82', '79', '61', '43', '2']  mins 1141  walls []
it 5  err  3.11  runs [8, 25, 34, 41, 58, 78, 95, 239]  prof ['89', '80', '81', '82', '79', '70', '56', '20']  mins 1818  walls []
it 6  err  2.08  runs [8, 24, 31, 38, 55, 76, 83, 194]  prof ['89', '80', '78', '77', '79', '90', '61', '33']  mins 1579  walls []
it 7  err  1.38  runs [8, 23, 31, 39, 54, 73, 87, 127]  prof ['100', '81', '78', '80', '79', '94', '73', '33']  mins 1315  walls []
it 8  err  1.40  runs [8, 21, 27, 34, 49, 63, 81, 94]  prof ['100', '80', '78', '77', '79', '92', '89', '35']  mins 1102  walls []
it 9  err  1.72  runs [7, 20, 27, 34, 45, 59, 80, 84]  prof ['97', '81', '81', '85', '80', '93', '99', '39']  mins 1041  walls []
it10  err  2.27  runs [7, 20, 26, 33, 44, 61, 65, 83]  prof ['64', '79', '79', '89', '80', '96', '77', '39']  mins  982  walls []
it11  err  1.45  runs [8, 25, 33, 42, 60, 72, 90, 111]  prof ['85', '80', '76', '83', '79', '82', '69', '43']  mins 1285  walls []
it12  err  1.07  runs [8, 24, 32, 38, 56, 66, 100, 92]  prof ['95', '80', '79', '80', '79', '76', '93', '44']  mins 1208  walls []
it13  err  1.26  runs [8, 21, 27, 34, 49, 67, 77, 83]  prof ['88', '79', '78', '79', '79', '90', '93', '44']  mins 1057  walls []

=== 최선 (err 1.07) ===
TIER_COST = [24, 6268, 136418, 809270, 9640207, 93542245, 994746785, 17987095160]
HP 배율   = [0.977, 1.0, 1.22, 1.488, 1.816, 2.968, 5.389, 10.872]
판수      = [8, 24, 32, 38, 56, 66, 100, 92]  목표 [8, 23, 30, 38, 53, 68, 84, 99]
구매율    = ['95%', '80%', '79%', '80%', '79%', '76%', '93%', '44%']
시뮬분    = [6, 29, 52, 80, 142, 193, 339, 367]  합 1208 -> 실측 318분 (5.3시간)
